[debug] [2026-05-25T13:17:42.766Z] ----------------------------------------------------------------------
[debug] [2026-05-25T13:17:42.767Z] Command:       /Users/kailashsharma/.nvm/versions/node/v20.20.2/bin/node /opt/homebrew/bin/firebase deploy --only functions
[debug] [2026-05-25T13:17:42.768Z] CLI Version:   15.12.0
[debug] [2026-05-25T13:17:42.768Z] Platform:      darwin
[debug] [2026-05-25T13:17:42.768Z] Node Version:  v20.20.2
[debug] [2026-05-25T13:17:42.768Z] Time:          Mon May 25 2026 18:47:42 GMT+0530 (India Standard Time)
[debug] [2026-05-25T13:17:42.768Z] ----------------------------------------------------------------------
[debug] 
[debug] [2026-05-25T13:17:42.769Z] >>> [apiv2][query] GET https://firebase-public.firebaseio.com/cli.json [none]
[debug] [2026-05-25T13:17:43.527Z] > command requires scopes: ["email","openid","https://www.googleapis.com/auth/cloudplatformprojects.readonly","https://www.googleapis.com/auth/firebase","https://www.googleapis.com/auth/cloud-platform"]
[debug] [2026-05-25T13:17:43.527Z] > authorizing via signed-in user (info.fitnessbysivv@gmail.com)
[debug] [2026-05-25T13:17:43.527Z] [iam] checking project fitness-admin-73a72 for permissions ["cloudfunctions.functions.create","cloudfunctions.functions.delete","cloudfunctions.functions.get","cloudfunctions.functions.list","cloudfunctions.functions.update","cloudfunctions.operations.get","firebase.projects.get"]
[debug] [2026-05-25T13:17:43.527Z] Checked if tokens are valid: false, expires at: 1779125318529
[debug] [2026-05-25T13:17:43.528Z] Checked if tokens are valid: false, expires at: 1779125318529
[debug] [2026-05-25T13:17:43.528Z] > refreshing access token with scopes: []
[debug] [2026-05-25T13:17:43.528Z] >>> [apiv2][query] POST https://www.googleapis.com/oauth2/v3/token [none]
[debug] [2026-05-25T13:17:43.528Z] >>> [apiv2][body] POST https://www.googleapis.com/oauth2/v3/token [omitted]
[debug] [2026-05-25T13:17:43.658Z] <<< [apiv2][status] POST https://www.googleapis.com/oauth2/v3/token 200
[debug] [2026-05-25T13:17:43.658Z] <<< [apiv2][body] POST https://www.googleapis.com/oauth2/v3/token [omitted]
[debug] [2026-05-25T13:17:43.672Z] >>> [apiv2][query] POST https://cloudresourcemanager.googleapis.com/v1/projects/fitness-admin-73a72:testIamPermissions [none]
[debug] [2026-05-25T13:17:43.672Z] >>> [apiv2][(partial)header] POST https://cloudresourcemanager.googleapis.com/v1/projects/fitness-admin-73a72:testIamPermissions  x-goog-user-project=fitness-admin-73a72
[debug] [2026-05-25T13:17:43.672Z] >>> [apiv2][body] POST https://cloudresourcemanager.googleapis.com/v1/projects/fitness-admin-73a72:testIamPermissions {"permissions":["cloudfunctions.functions.create","cloudfunctions.functions.delete","cloudfunctions.functions.get","cloudfunctions.functions.list","cloudfunctions.functions.update","cloudfunctions.operations.get","firebase.projects.get"]}
[debug] [2026-05-25T13:17:44.174Z] <<< [apiv2][status] GET https://firebase-public.firebaseio.com/cli.json 200
[debug] [2026-05-25T13:17:44.175Z] <<< [apiv2][body] GET https://firebase-public.firebaseio.com/cli.json {"cloudBuildErrorAfter":1594252800000,"cloudBuildWarnAfter":1590019200000,"defaultNode10After":1594252800000,"minVersion":"3.0.5","node8DeploysDisabledAfter":1613390400000,"node8RuntimeDisabledAfter":1615809600000,"node8WarnAfter":1600128000000}
[debug] [2026-05-25T13:17:45.083Z] <<< [apiv2][status] POST https://cloudresourcemanager.googleapis.com/v1/projects/fitness-admin-73a72:testIamPermissions 200
[debug] [2026-05-25T13:17:45.084Z] <<< [apiv2][body] POST https://cloudresourcemanager.googleapis.com/v1/projects/fitness-admin-73a72:testIamPermissions {"permissions":["cloudfunctions.functions.create","cloudfunctions.functions.delete","cloudfunctions.functions.get","cloudfunctions.functions.list","cloudfunctions.functions.update","cloudfunctions.operations.get","firebase.projects.get"]}
[debug] [2026-05-25T13:17:45.084Z] Checked if tokens are valid: true, expires at: 1779718662659
[debug] [2026-05-25T13:17:45.084Z] Checked if tokens are valid: true, expires at: 1779718662659
[debug] [2026-05-25T13:17:45.084Z] >>> [apiv2][query] POST https://iam.googleapis.com/v1/projects/fitness-admin-73a72/serviceAccounts/fitness-admin-73a72@appspot.gserviceaccount.com:testIamPermissions [none]
[debug] [2026-05-25T13:17:45.084Z] >>> [apiv2][body] POST https://iam.googleapis.com/v1/projects/fitness-admin-73a72/serviceAccounts/fitness-admin-73a72@appspot.gserviceaccount.com:testIamPermissions {"permissions":["iam.serviceAccounts.actAs"]}
[debug] [2026-05-25T13:17:46.749Z] <<< [apiv2][status] POST https://iam.googleapis.com/v1/projects/fitness-admin-73a72/serviceAccounts/fitness-admin-73a72@appspot.gserviceaccount.com:testIamPermissions 200
[debug] [2026-05-25T13:17:46.749Z] <<< [apiv2][body] POST https://iam.googleapis.com/v1/projects/fitness-admin-73a72/serviceAccounts/fitness-admin-73a72@appspot.gserviceaccount.com:testIamPermissions {"permissions":["iam.serviceAccounts.actAs"]}
[info] 
[info] === Deploying to 'fitness-admin-73a72'...
[info] 
[info] i  deploying functions 
[info] Running command: npm --prefix "$RESOURCE_DIR" run build
[info] ✔  functions: Finished running predeploy script. 
[debug] [2026-05-25T13:17:47.854Z] Checked if tokens are valid: true, expires at: 1779718662659
[debug] [2026-05-25T13:17:47.854Z] Checked if tokens are valid: true, expires at: 1779718662659
[debug] [2026-05-25T13:17:47.854Z] >>> [apiv2][query] GET https://cloudresourcemanager.googleapis.com/v1/projects/fitness-admin-73a72 [none]
[debug] [2026-05-25T13:17:48.274Z] <<< [apiv2][status] GET https://cloudresourcemanager.googleapis.com/v1/projects/fitness-admin-73a72 200
[debug] [2026-05-25T13:17:48.274Z] <<< [apiv2][body] GET https://cloudresourcemanager.googleapis.com/v1/projects/fitness-admin-73a72 {"projectNumber":"853802015469","projectId":"fitness-admin-73a72","lifecycleState":"ACTIVE","name":"Fitness-Admin","labels":{"firebase":"enabled","firebase-core":"disabled"},"createTime":"2025-05-03T13:38:38.150070Z"}
[info] i  functions: preparing codebase default for deployment 
[info] i  functions: ensuring required API cloudfunctions.googleapis.com is enabled... 
[info] i  functions: ensuring required API cloudbuild.googleapis.com is enabled... 
[info] i  artifactregistry: ensuring required API artifactregistry.googleapis.com is enabled... 
[debug] [2026-05-25T13:17:48.275Z] Checked if tokens are valid: true, expires at: 1779718662659
[debug] [2026-05-25T13:17:48.275Z] Checked if tokens are valid: true, expires at: 1779718662659
[debug] [2026-05-25T13:17:48.276Z] >>> [apiv2][query] GET https://firebase.googleapis.com/v1beta1/projects/fitness-admin-73a72/adminSdkConfig [none]
[debug] [2026-05-25T13:17:48.738Z] <<< [apiv2][status] GET https://firebase.googleapis.com/v1beta1/projects/fitness-admin-73a72/adminSdkConfig 200
[debug] [2026-05-25T13:17:48.738Z] <<< [apiv2][body] GET https://firebase.googleapis.com/v1beta1/projects/fitness-admin-73a72/adminSdkConfig {"projectId":"fitness-admin-73a72","storageBucket":"fitness-admin-73a72.firebasestorage.app"}
[debug] [2026-05-25T13:17:48.739Z] Checked if tokens are valid: true, expires at: 1779718662659
[debug] [2026-05-25T13:17:48.739Z] Checked if tokens are valid: true, expires at: 1779718662659
[debug] [2026-05-25T13:17:48.739Z] >>> [apiv2][query] GET https://runtimeconfig.googleapis.com/v1beta1/projects/fitness-admin-73a72/configs [none]
[debug] [2026-05-25T13:17:49.143Z] <<< [apiv2][status] GET https://runtimeconfig.googleapis.com/v1beta1/projects/fitness-admin-73a72/configs 200
[debug] [2026-05-25T13:17:49.143Z] <<< [apiv2][body] GET https://runtimeconfig.googleapis.com/v1beta1/projects/fitness-admin-73a72/configs {}
[debug] [2026-05-25T13:17:49.144Z] Validating nodejs source
[debug] [2026-05-25T13:17:49.411Z] > [functions] package.json contents: {
  "name": "fitness-notifications",
  "scripts": {
    "build": "tsc",
    "build:watch": "tsc --watch",
    "serve": "npm run build && firebase emulators:start --only functions",
    "shell": "npm run build && firebase functions:shell",
    "start": "npm run shell",
    "deploy": "firebase deploy --only functions",
    "logs": "firebase functions:log"
  },
  "engines": {
    "node": "22"
  },
  "main": "lib/index.js",
  "dependencies": {
    "firebase-admin": "^12.0.0",
    "firebase-functions": "^7.2.5",
    "nodemailer": "^6.9.0"
  },
  "devDependencies": {
    "@types/nodemailer": "^8.0.0",
    "firebase-functions-test": "^3.2.0",
    "typescript": "^5.4.0"
  },
  "private": true
}
[debug] [2026-05-25T13:17:49.411Z] Building nodejs source
[info] i  functions: Loading and analyzing source code for codebase default to determine what to deploy 
[debug] [2026-05-25T13:17:49.412Z] Could not find functions.yaml. Must use http discovery
[debug] [2026-05-25T13:17:49.415Z] Found firebase-functions binary at '/Users/kailashsharma/Fitness App/FitnessAppKmp/functions/node_modules/.bin/firebase-functions'
[info] Serving at port 8386

[debug] [2026-05-25T13:17:49.573Z] Got response from /__/functions.yaml {"endpoints":{"morningMealReminder":{"availableMemoryMb":null,"timeoutSeconds":null,"minInstances":null,"maxInstances":null,"ingressSettings":null,"concurrency":null,"serviceAccountEmail":null,"vpc":null,"platform":"gcfv2","region":["europe-west1"],"labels":{},"scheduleTrigger":{"schedule":"every 1 hours","retryConfig":{},"timeZone":"UTC"},"entryPoint":"morningMealReminder"},"workoutReminder":{"availableMemoryMb":null,"timeoutSeconds":null,"minInstances":null,"maxInstances":null,"ingressSettings":null,"concurrency":null,"serviceAccountEmail":null,"vpc":null,"platform":"gcfv2","region":["europe-west1"],"labels":{},"scheduleTrigger":{"schedule":"every 1 hours","retryConfig":{},"timeZone":"UTC"},"entryPoint":"workoutReminder"},"eveningReflection":{"availableMemoryMb":null,"timeoutSeconds":null,"minInstances":null,"maxInstances":null,"ingressSettings":null,"concurrency":null,"serviceAccountEmail":null,"vpc":null,"platform":"gcfv2","region":["europe-west1"],"labels":{},"scheduleTrigger":{"schedule":"every 1 hours","retryConfig":{},"timeZone":"UTC"},"entryPoint":"eveningReflection"},"weighInReminder":{"availableMemoryMb":null,"timeoutSeconds":null,"minInstances":null,"maxInstances":null,"ingressSettings":null,"concurrency":null,"serviceAccountEmail":null,"vpc":null,"platform":"gcfv2","region":["europe-west1"],"labels":{},"scheduleTrigger":{"schedule":"every 1 hours","retryConfig":{},"timeZone":"UTC"},"entryPoint":"weighInReminder"},"inactivityNudge":{"availableMemoryMb":null,"timeoutSeconds":null,"minInstances":null,"maxInstances":null,"ingressSettings":null,"concurrency":null,"serviceAccountEmail":null,"vpc":null,"platform":"gcfv2","region":["europe-west1"],"labels":{},"scheduleTrigger":{"schedule":"every day 12:00","retryConfig":{},"timeZone":"UTC"},"entryPoint":"inactivityNudge"},"aiWeeklyMotivation":{"availableMemoryMb":null,"timeoutSeconds":null,"minInstances":null,"maxInstances":null,"ingressSettings":null,"concurrency":null,"serviceAccountEmail":null,"vpc":null,"platform":"gcfv2","region":["europe-west1"],"labels":{},"scheduleTrigger":{"schedule":"every 1 hours","retryConfig":{},"timeZone":"UTC"},"entryPoint":"aiWeeklyMotivation"},"onMealPlanCreated":{"availableMemoryMb":null,"timeoutSeconds":null,"minInstances":null,"maxInstances":null,"ingressSettings":null,"concurrency":null,"serviceAccountEmail":null,"vpc":null,"platform":"gcfv2","region":["europe-west1"],"labels":{},"eventTrigger":{"eventType":"google.cloud.firestore.document.v1.written","eventFilters":{"database":"(default)","namespace":"(default)"},"eventFilterPathPatterns":{"document":"user_meal_plans/{planId}"},"retry":false},"entryPoint":"onMealPlanCreated"},"testNotification":{"availableMemoryMb":null,"timeoutSeconds":null,"minInstances":null,"maxInstances":null,"ingressSettings":null,"concurrency":null,"serviceAccountEmail":null,"vpc":null,"platform":"gcfv2","region":["europe-west1"],"labels":{},"scheduleTrigger":{"schedule":"every 24 hours","retryConfig":{},"timeZone":"UTC"},"entryPoint":"testNotification"},"onClientCreated":{"availableMemoryMb":null,"timeoutSeconds":null,"minInstances":null,"maxInstances":null,"ingressSettings":null,"concurrency":null,"serviceAccountEmail":null,"vpc":null,"platform":"gcfv2","region":["europe-west1"],"labels":{},"eventTrigger":{"eventType":"google.cloud.firestore.document.v1.created","eventFilters":{"database":"(default)","namespace":"(default)"},"eventFilterPathPatterns":{"document":"clients/{clientId}"},"retry":false},"entryPoint":"onClientCreated"}},"specVersion":"v1alpha1","requiredAPIs":[{"api":"cloudscheduler.googleapis.com","reason":"Needed for scheduled functions."}],"extensions":{}}
[info] i  extensions: ensuring required API firebaseextensions.googleapis.com is enabled... 
[debug] [2026-05-25T13:17:53.597Z] > command requires scopes: ["email","openid","https://www.googleapis.com/auth/cloudplatformprojects.readonly","https://www.googleapis.com/auth/firebase","https://www.googleapis.com/auth/cloud-platform"]
[debug] [2026-05-25T13:17:53.598Z] > authorizing via signed-in user (info.fitnessbysivv@gmail.com)
[debug] [2026-05-25T13:17:53.598Z] [iam] checking project fitness-admin-73a72 for permissions ["firebase.projects.get","firebaseextensions.instances.list"]
[debug] [2026-05-25T13:17:53.598Z] Checked if tokens are valid: true, expires at: 1779718662659
[debug] [2026-05-25T13:17:53.598Z] Checked if tokens are valid: true, expires at: 1779718662659
[debug] [2026-05-25T13:17:53.598Z] >>> [apiv2][query] POST https://cloudresourcemanager.googleapis.com/v1/projects/fitness-admin-73a72:testIamPermissions [none]
[debug] [2026-05-25T13:17:53.598Z] >>> [apiv2][(partial)header] POST https://cloudresourcemanager.googleapis.com/v1/projects/fitness-admin-73a72:testIamPermissions  x-goog-user-project=fitness-admin-73a72
[debug] [2026-05-25T13:17:53.598Z] >>> [apiv2][body] POST https://cloudresourcemanager.googleapis.com/v1/projects/fitness-admin-73a72:testIamPermissions {"permissions":["firebase.projects.get","firebaseextensions.instances.list"]}
[debug] [2026-05-25T13:17:55.017Z] <<< [apiv2][status] POST https://cloudresourcemanager.googleapis.com/v1/projects/fitness-admin-73a72:testIamPermissions 200
[debug] [2026-05-25T13:17:55.017Z] <<< [apiv2][body] POST https://cloudresourcemanager.googleapis.com/v1/projects/fitness-admin-73a72:testIamPermissions {"permissions":["firebase.projects.get","firebaseextensions.instances.list"]}
[debug] [2026-05-25T13:17:55.017Z] Checked if tokens are valid: true, expires at: 1779718662659
[debug] [2026-05-25T13:17:55.017Z] Checked if tokens are valid: true, expires at: 1779718662659
[debug] [2026-05-25T13:17:55.018Z] >>> [apiv2][query] GET https://firebaseextensions.googleapis.com/v1beta/projects/fitness-admin-73a72/instances pageSize=100&pageToken=
[debug] [2026-05-25T13:17:56.606Z] <<< [apiv2][status] GET https://firebaseextensions.googleapis.com/v1beta/projects/fitness-admin-73a72/instances 200
[debug] [2026-05-25T13:17:56.606Z] <<< [apiv2][body] GET https://firebaseextensions.googleapis.com/v1beta/projects/fitness-admin-73a72/instances {}
[info] i  functions: preparing functions directory for uploading... 
[info] i  functions: packaged /Users/kailashsharma/Fitness App/FitnessAppKmp/functions (88.62 KB) for uploading 
[debug] [2026-05-25T13:17:56.628Z] Checked if tokens are valid: true, expires at: 1779718662659
[debug] [2026-05-25T13:17:56.628Z] Checked if tokens are valid: true, expires at: 1779718662659
[debug] [2026-05-25T13:17:56.628Z] >>> [apiv2][query] GET https://cloudfunctions.googleapis.com/v1/projects/fitness-admin-73a72/locations/-/functions [none]
[debug] [2026-05-25T13:17:59.368Z] <<< [apiv2][status] GET https://cloudfunctions.googleapis.com/v1/projects/fitness-admin-73a72/locations/-/functions 200
[debug] [2026-05-25T13:17:59.368Z] <<< [apiv2][body] GET https://cloudfunctions.googleapis.com/v1/projects/fitness-admin-73a72/locations/-/functions {}
[debug] [2026-05-25T13:17:59.369Z] Checked if tokens are valid: true, expires at: 1779718662659
[debug] [2026-05-25T13:17:59.369Z] Checked if tokens are valid: true, expires at: 1779718662659
[debug] [2026-05-25T13:17:59.369Z] >>> [apiv2][query] GET https://cloudfunctions.googleapis.com/v2/projects/fitness-admin-73a72/locations/-/functions filter=environment%3D%22GEN_2%22
[debug] [2026-05-25T13:18:01.510Z] <<< [apiv2][status] GET https://cloudfunctions.googleapis.com/v2/projects/fitness-admin-73a72/locations/-/functions 200
[debug] [2026-05-25T13:18:01.510Z] <<< [apiv2][body] GET https://cloudfunctions.googleapis.com/v2/projects/fitness-admin-73a72/locations/-/functions {"functions":[{"name":"projects/fitness-admin-73a72/locations/europe-west1/functions/onClientCreated","buildConfig":{"build":"projects/853802015469/locations/europe-west1/builds/b9670f72-8fce-44c0-a5a0-35d1a2fff443","runtime":"nodejs22","entryPoint":"onClientCreated","source":{"storageSource":{"bucket":"gcf-v2-sources-853802015469-europe-west1","object":"onClientCreated/function-source.zip","generation":"1779121826677689"}},"environmentVariables":{"GOOGLE_NODE_RUN_SCRIPTS":""},"dockerRepository":"projects/fitness-admin-73a72/locations/europe-west1/repositories/gcf-artifacts","sourceProvenance":{"resolvedStorageSource":{"bucket":"gcf-v2-sources-853802015469-europe-west1","object":"onClientCreated/function-source.zip","generation":"1779121826677689"}},"dockerRegistry":"ARTIFACT_REGISTRY","serviceAccount":"projects/fitness-admin-73a72/serviceAccounts/853802015469-compute@developer.gserviceaccount.com","automaticUpdatePolicy":{}},"serviceConfig":{"service":"projects/fitness-admin-73a72/locations/europe-west1/services/onclientcreated","timeoutSeconds":60,"environmentVariables":{"FIREBASE_CONFIG":"{\"projectId\":\"fitness-admin-73a72\",\"storageBucket\":\"fitness-admin-73a72.firebasestorage.app\"}","GCLOUD_PROJECT":"fitness-admin-73a72","EVENTARC_CLOUD_EVENT_SOURCE":"projects/fitness-admin-73a72/locations/europe-west1/services/onClientCreated","FUNCTION_SIGNATURE_TYPE":"cloudevent","FUNCTION_TARGET":"onClientCreated","LOG_EXECUTION_ID":"true"},"maxInstanceCount":20,"ingressSettings":"ALLOW_ALL","uri":"https://onclientcreated-jjqotd7req-ew.a.run.app","serviceAccountEmail":"853802015469-compute@developer.gserviceaccount.com","availableMemory":"256Mi","allTrafficOnLatestRevision":true,"revision":"onclientcreated-00003-joq","maxInstanceRequestConcurrency":80,"availableCpu":"1"},"eventTrigger":{"trigger":"projects/fitness-admin-73a72/locations/asia-south1/triggers/onclientcreated-072128","triggerRegion":"asia-south1","eventType":"google.cloud.firestore.document.v1.created","eventFilters":[{"attribute":"document","value":"clients/{clientId}","operator":"match-path-pattern"},{"attribute":"database","value":"(default)"},{"attribute":"namespace","value":"(default)"}],"pubsubTopic":"projects/fitness-admin-73a72/topics/eventarc-asia-south1-onclientcreated-072128-525","serviceAccountEmail":"853802015469-compute@developer.gserviceaccount.com","retryPolicy":"RETRY_POLICY_DO_NOT_RETRY"},"state":"ACTIVE","updateTime":"2026-05-18T16:30:42.709525190Z","labels":{"deployment-tool":"cli-firebase","firebase-functions-hash":"6ff1796352370ce508c457e3e88498fef3a37a6d"},"environment":"GEN_2","url":"https://europe-west1-fitness-admin-73a72.cloudfunctions.net/onClientCreated","createTime":"2026-05-05T08:27:38.049991703Z","satisfiesPzi":true},{"name":"projects/fitness-admin-73a72/locations/europe-west1/functions/aiWeeklyMotivation","buildConfig":{"build":"projects/853802015469/locations/europe-west1/builds/b9670f72-8fce-44c0-a5a0-35d1a2fff443","runtime":"nodejs22","entryPoint":"aiWeeklyMotivation","source":{"storageSource":{"bucket":"gcf-v2-sources-853802015469-europe-west1","object":"aiWeeklyMotivation/function-source.zip","generation":"1779121824216698"}},"environmentVariables":{"GOOGLE_NODE_RUN_SCRIPTS":""},"dockerRepository":"projects/fitness-admin-73a72/locations/europe-west1/repositories/gcf-artifacts","sourceProvenance":{"resolvedStorageSource":{"bucket":"gcf-v2-sources-853802015469-europe-west1","object":"aiWeeklyMotivation/function-source.zip","generation":"1779121824216698"}},"dockerRegistry":"ARTIFACT_REGISTRY","serviceAccount":"projects/fitness-admin-73a72/serviceAccounts/853802015469-compute@developer.gserviceaccount.com","automaticUpdatePolicy":{}},"serviceConfig":{"service":"projects/fitness-admin-73a72/locations/europe-west1/services/aiweeklymotivation","timeoutSeconds":60,"environmentVariables":{"FIREBASE_CONFIG":"{\"projectId\":\"fitness-admin-73a72\",\"storageBucket\":\"fitness-admin-73a72.firebasestorage.app\"}","GCLOUD_PROJECT":"fitness-admin-73a72","EVENTARC_CLOUD_EVENT_SOURCE":"projects/fitness-admin-73a72/locations/europe-west1/services/aiWeeklyMotivation","FUNCTION_TARGET":"aiWeeklyMotivation","LOG_EXECUTION_ID":"true","FUNCTION_SIGNATURE_TYPE":"http"},"maxInstanceCount":20,"ingressSettings":"ALLOW_ALL","uri":"https://aiweeklymotivation-jjqotd7req-ew.a.run.app","serviceAccountEmail":"853802015469-compute@developer.gserviceaccount.com","availableMemory":"256Mi","allTrafficOnLatestRevision":true,"revision":"aiweeklymotivation-00005-qel","maxInstanceRequestConcurrency":80,"availableCpu":"1"},"state":"ACTIVE","updateTime":"2026-05-18T16:30:37.809047940Z","labels":{"deployment-tool":"cli-firebase","deployment-scheduled":"true","firebase-functions-hash":"6ff1796352370ce508c457e3e88498fef3a37a6d"},"environment":"GEN_2","url":"https://europe-west1-fitness-admin-73a72.cloudfunctions.net/aiWeeklyMotivation","createTime":"2026-03-30T14:33:38.421817270Z","satisfiesPzi":true},{"name":"projects/fitness-admin-73a72/locations/europe-west1/functions/inactivityNudge","buildConfig":{"build":"projects/853802015469/locations/europe-west1/builds/b9670f72-8fce-44c0-a5a0-35d1a2fff443","runtime":"nodejs22","entryPoint":"inactivityNudge","source":{"storageSource":{"bucket":"gcf-v2-sources-853802015469-europe-west1","object":"inactivityNudge/function-source.zip","generation":"1779121824398599"}},"environmentVariables":{"GOOGLE_NODE_RUN_SCRIPTS":""},"dockerRepository":"projects/fitness-admin-73a72/locations/europe-west1/repositories/gcf-artifacts","sourceProvenance":{"resolvedStorageSource":{"bucket":"gcf-v2-sources-853802015469-europe-west1","object":"inactivityNudge/function-source.zip","generation":"1779121824398599"}},"dockerRegistry":"ARTIFACT_REGISTRY","serviceAccount":"projects/fitness-admin-73a72/serviceAccounts/853802015469-compute@developer.gserviceaccount.com","automaticUpdatePolicy":{}},"serviceConfig":{"service":"projects/fitness-admin-73a72/locations/europe-west1/services/inactivitynudge","timeoutSeconds":60,"environmentVariables":{"FIREBASE_CONFIG":"{\"projectId\":\"fitness-admin-73a72\",\"storageBucket\":\"fitness-admin-73a72.firebasestorage.app\"}","GCLOUD_PROJECT":"fitness-admin-73a72","EVENTARC_CLOUD_EVENT_SOURCE":"projects/fitness-admin-73a72/locations/europe-west1/services/inactivityNudge","FUNCTION_TARGET":"inactivityNudge","LOG_EXECUTION_ID":"true","FUNCTION_SIGNATURE_TYPE":"http"},"maxInstanceCount":20,"ingressSettings":"ALLOW_ALL","uri":"https://inactivitynudge-jjqotd7req-ew.a.run.app","serviceAccountEmail":"853802015469-compute@developer.gserviceaccount.com","availableMemory":"256Mi","allTrafficOnLatestRevision":true,"revision":"inactivitynudge-00005-cab","maxInstanceRequestConcurrency":80,"availableCpu":"1"},"state":"ACTIVE","updateTime":"2026-05-18T16:30:36.712177910Z","labels":{"firebase-functions-hash":"6ff1796352370ce508c457e3e88498fef3a37a6d","deployment-tool":"cli-firebase","deployment-scheduled":"true"},"environment":"GEN_2","url":"https://europe-west1-fitness-admin-73a72.cloudfunctions.net/inactivityNudge","createTime":"2026-03-30T14:33:38.401117482Z","satisfiesPzi":true},{"name":"projects/fitness-admin-73a72/locations/europe-west1/functions/weighInReminder","buildConfig":{"build":"projects/853802015469/locations/europe-west1/builds/b9670f72-8fce-44c0-a5a0-35d1a2fff443","runtime":"nodejs22","entryPoint":"weighInReminder","source":{"storageSource":{"bucket":"gcf-v2-sources-853802015469-europe-west1","object":"weighInReminder/function-source.zip","generation":"1779121824342709"}},"environmentVariables":{"GOOGLE_NODE_RUN_SCRIPTS":""},"dockerRepository":"projects/fitness-admin-73a72/locations/europe-west1/repositories/gcf-artifacts","sourceProvenance":{"resolvedStorageSource":{"bucket":"gcf-v2-sources-853802015469-europe-west1","object":"weighInReminder/function-source.zip","generation":"1779121824342709"}},"dockerRegistry":"ARTIFACT_REGISTRY","serviceAccount":"projects/fitness-admin-73a72/serviceAccounts/853802015469-compute@developer.gserviceaccount.com","automaticUpdatePolicy":{}},"serviceConfig":{"service":"projects/fitness-admin-73a72/locations/europe-west1/services/weighinreminder","timeoutSeconds":60,"environmentVariables":{"FIREBASE_CONFIG":"{\"projectId\":\"fitness-admin-73a72\",\"storageBucket\":\"fitness-admin-73a72.firebasestorage.app\"}","GCLOUD_PROJECT":"fitness-admin-73a72","EVENTARC_CLOUD_EVENT_SOURCE":"projects/fitness-admin-73a72/locations/europe-west1/services/weighInReminder","FUNCTION_TARGET":"weighInReminder","LOG_EXECUTION_ID":"true","FUNCTION_SIGNATURE_TYPE":"http"},"maxInstanceCount":20,"ingressSettings":"ALLOW_ALL","uri":"https://weighinreminder-jjqotd7req-ew.a.run.app","serviceAccountEmail":"853802015469-compute@developer.gserviceaccount.com","availableMemory":"256Mi","allTrafficOnLatestRevision":true,"revision":"weighinreminder-00005-yuf","maxInstanceRequestConcurrency":80,"availableCpu":"1"},"state":"ACTIVE","updateTime":"2026-05-18T16:30:37.946791120Z","labels":{"deployment-tool":"cli-firebase","deployment-scheduled":"true","firebase-functions-hash":"6ff1796352370ce508c457e3e88498fef3a37a6d"},"environment":"GEN_2","url":"https://europe-west1-fitness-admin-73a72.cloudfunctions.net/weighInReminder","createTime":"2026-03-30T14:33:38.434385114Z","satisfiesPzi":true},{"name":"projects/fitness-admin-73a72/locations/europe-west1/functions/testNotification","buildConfig":{"build":"projects/853802015469/locations/europe-west1/builds/b9670f72-8fce-44c0-a5a0-35d1a2fff443","runtime":"nodejs22","entryPoint":"testNotification","source":{"storageSource":{"bucket":"gcf-v2-sources-853802015469-europe-west1","object":"testNotification/function-source.zip","generation":"1779121824296260"}},"environmentVariables":{"GOOGLE_NODE_RUN_SCRIPTS":""},"dockerRepository":"projects/fitness-admin-73a72/locations/europe-west1/repositories/gcf-artifacts","sourceProvenance":{"resolvedStorageSource":{"bucket":"gcf-v2-sources-853802015469-europe-west1","object":"testNotification/function-source.zip","generation":"1779121824296260"}},"dockerRegistry":"ARTIFACT_REGISTRY","serviceAccount":"projects/fitness-admin-73a72/serviceAccounts/853802015469-compute@developer.gserviceaccount.com","automaticUpdatePolicy":{}},"serviceConfig":{"service":"projects/fitness-admin-73a72/locations/europe-west1/services/testnotification","timeoutSeconds":60,"environmentVariables":{"FIREBASE_CONFIG":"{\"projectId\":\"fitness-admin-73a72\",\"storageBucket\":\"fitness-admin-73a72.firebasestorage.app\"}","GCLOUD_PROJECT":"fitness-admin-73a72","EVENTARC_CLOUD_EVENT_SOURCE":"projects/fitness-admin-73a72/locations/europe-west1/services/testNotification","FUNCTION_TARGET":"testNotification","LOG_EXECUTION_ID":"true","FUNCTION_SIGNATURE_TYPE":"http"},"maxInstanceCount":20,"ingressSettings":"ALLOW_ALL","uri":"https://testnotification-jjqotd7req-ew.a.run.app","serviceAccountEmail":"853802015469-compute@developer.gserviceaccount.com","availableMemory":"256Mi","allTrafficOnLatestRevision":true,"revision":"testnotification-00004-jut","maxInstanceRequestConcurrency":80,"availableCpu":"1"},"state":"ACTIVE","updateTime":"2026-05-18T16:30:37.156880902Z","labels":{"deployment-scheduled":"true","firebase-functions-hash":"6ff1796352370ce508c457e3e88498fef3a37a6d","deployment-tool":"cli-firebase"},"environment":"GEN_2","url":"https://europe-west1-fitness-admin-73a72.cloudfunctions.net/testNotification","createTime":"2026-03-30T15:15:04.476015409Z","satisfiesPzi":true},{"name":"projects/fitness-admin-73a72/locations/europe-west1/functions/onMealPlanCreated","buildConfig":{"build":"projects/853802015469/locations/europe-west1/builds/b9670f72-8fce-44c0-a5a0-35d1a2fff443","runtime":"nodejs22","entryPoint":"onMealPlanCreated","source":{"storageSource":{"bucket":"gcf-v2-sources-853802015469-europe-west1","object":"onMealPlanCreated/function-source.zip","generation":"1779121826320905"}},"environmentVariables":{"GOOGLE_NODE_RUN_SCRIPTS":""},"dockerRepository":"projects/fitness-admin-73a72/locations/europe-west1/repositories/gcf-artifacts","sourceProvenance":{"resolvedStorageSource":{"bucket":"gcf-v2-sources-853802015469-europe-west1","object":"onMealPlanCreated/function-source.zip","generation":"1779121826320905"}},"dockerRegistry":"ARTIFACT_REGISTRY","serviceAccount":"projects/fitness-admin-73a72/serviceAccounts/853802015469-compute@developer.gserviceaccount.com","automaticUpdatePolicy":{}},"serviceConfig":{"service":"projects/fitness-admin-73a72/locations/europe-west1/services/onmealplancreated","timeoutSeconds":60,"environmentVariables":{"FIREBASE_CONFIG":"{\"projectId\":\"fitness-admin-73a72\",\"storageBucket\":\"fitness-admin-73a72.firebasestorage.app\"}","GCLOUD_PROJECT":"fitness-admin-73a72","EVENTARC_CLOUD_EVENT_SOURCE":"projects/fitness-admin-73a72/locations/europe-west1/services/onMealPlanCreated","FUNCTION_SIGNATURE_TYPE":"cloudevent","FUNCTION_TARGET":"onMealPlanCreated","LOG_EXECUTION_ID":"true"},"maxInstanceCount":20,"ingressSettings":"ALLOW_ALL","uri":"https://onmealplancreated-jjqotd7req-ew.a.run.app","serviceAccountEmail":"853802015469-compute@developer.gserviceaccount.com","availableMemory":"256Mi","allTrafficOnLatestRevision":true,"revision":"onmealplancreated-00004-bim","maxInstanceRequestConcurrency":80,"availableCpu":"1"},"eventTrigger":{"trigger":"projects/fitness-admin-73a72/locations/asia-south1/triggers/onmealplancreated-702390","triggerRegion":"asia-south1","eventType":"google.cloud.firestore.document.v1.written","eventFilters":[{"attribute":"database","value":"(default)"},{"attribute":"namespace","value":"(default)"},{"attribute":"document","value":"user_meal_plans/{planId}","operator":"match-path-pattern"}],"pubsubTopic":"projects/fitness-admin-73a72/topics/eventarc-asia-south1-onmealplancreated-702390-192","serviceAccountEmail":"853802015469-compute@developer.gserviceaccount.com","retryPolicy":"RETRY_POLICY_DO_NOT_RETRY"},"state":"ACTIVE","updateTime":"2026-05-18T16:30:42.598908924Z","labels":{"deployment-tool":"cli-firebase","firebase-functions-hash":"6ff1796352370ce508c457e3e88498fef3a37a6d"},"environment":"GEN_2","url":"https://europe-west1-fitness-admin-73a72.cloudfunctions.net/onMealPlanCreated","createTime":"2026-03-30T15:14:14.543755110Z","satisfiesPzi":true},{"name":"projects/fitness-admin-73a72/locations/europe-west1/functions/morningMealReminder","buildConfig":{"build":"projects/853802015469/locations/europe-west1/builds/b9670f72-8fce-44c0-a5a0-35d1a2fff443","runtime":"nodejs22","entryPoint":"morningMealReminder","source":{"storageSource":{"bucket":"gcf-v2-sources-853802015469-europe-west1","object":"morningMealReminder/function-source.zip","generation":"1779121750938982"}},"environmentVariables":{"GOOGLE_NODE_RUN_SCRIPTS":""},"dockerRepository":"projects/fitness-admin-73a72/locations/europe-west1/repositories/gcf-artifacts","sourceProvenance":{"resolvedStorageSource":{"bucket":"gcf-v2-sources-853802015469-europe-west1","object":"morningMealReminder/function-source.zip","generation":"1779121750938982"}},"dockerRegistry":"ARTIFACT_REGISTRY","serviceAccount":"projects/fitness-admin-73a72/serviceAccounts/853802015469-compute@developer.gserviceaccount.com","automaticUpdatePolicy":{}},"serviceConfig":{"service":"projects/fitness-admin-73a72/locations/europe-west1/services/morningmealreminder","timeoutSeconds":60,"environmentVariables":{"FIREBASE_CONFIG":"{\"projectId\":\"fitness-admin-73a72\",\"storageBucket\":\"fitness-admin-73a72.firebasestorage.app\"}","GCLOUD_PROJECT":"fitness-admin-73a72","EVENTARC_CLOUD_EVENT_SOURCE":"projects/fitness-admin-73a72/locations/europe-west1/services/morningMealReminder","FUNCTION_TARGET":"morningMealReminder","LOG_EXECUTION_ID":"true","FUNCTION_SIGNATURE_TYPE":"http"},"maxInstanceCount":20,"ingressSettings":"ALLOW_ALL","uri":"https://morningmealreminder-jjqotd7req-ew.a.run.app","serviceAccountEmail":"853802015469-compute@developer.gserviceaccount.com","availableMemory":"256Mi","allTrafficOnLatestRevision":true,"revision":"morningmealreminder-00005-goq","maxInstanceRequestConcurrency":80,"availableCpu":"1"},"state":"ACTIVE","updateTime":"2026-05-18T16:30:20.251161194Z","labels":{"deployment-tool":"cli-firebase","deployment-scheduled":"true","firebase-functions-hash":"6ff1796352370ce508c457e3e88498fef3a37a6d"},"environment":"GEN_2","url":"https://europe-west1-fitness-admin-73a72.cloudfunctions.net/morningMealReminder","createTime":"2026-03-30T14:32:25.210233315Z","satisfiesPzi":true},{"name":"projects/fitness-admin-73a72/locations/europe-west1/functions/eveningReflection","buildConfig":{"build":"projects/853802015469/locations/europe-west1/builds/b9670f72-8fce-44c0-a5a0-35d1a2fff443","runtime":"nodejs22","entryPoint":"eveningReflection","source":{"storageSource":{"bucket":"gcf-v2-sources-853802015469-europe-west1","object":"eveningReflection/function-source.zip","generation":"1779121824822844"}},"environmentVariables":{"GOOGLE_NODE_RUN_SCRIPTS":""},"dockerRepository":"projects/fitness-admin-73a72/locations/europe-west1/repositories/gcf-artifacts","sourceProvenance":{"resolvedStorageSource":{"bucket":"gcf-v2-sources-853802015469-europe-west1","object":"eveningReflection/function-source.zip","generation":"1779121824822844"}},"dockerRegistry":"ARTIFACT_REGISTRY","serviceAccount":"projects/fitness-admin-73a72/serviceAccounts/853802015469-compute@developer.gserviceaccount.com","automaticUpdatePolicy":{}},"serviceConfig":{"service":"projects/fitness-admin-73a72/locations/europe-west1/services/eveningreflection","timeoutSeconds":60,"environmentVariables":{"FIREBASE_CONFIG":"{\"projectId\":\"fitness-admin-73a72\",\"storageBucket\":\"fitness-admin-73a72.firebasestorage.app\"}","GCLOUD_PROJECT":"fitness-admin-73a72","EVENTARC_CLOUD_EVENT_SOURCE":"projects/fitness-admin-73a72/locations/europe-west1/services/eveningReflection","FUNCTION_TARGET":"eveningReflection","LOG_EXECUTION_ID":"true","FUNCTION_SIGNATURE_TYPE":"http"},"maxInstanceCount":20,"ingressSettings":"ALLOW_ALL","uri":"https://eveningreflection-jjqotd7req-ew.a.run.app","serviceAccountEmail":"853802015469-compute@developer.gserviceaccount.com","availableMemory":"256Mi","allTrafficOnLatestRevision":true,"revision":"eveningreflection-00005-doy","maxInstanceRequestConcurrency":80,"availableCpu":"1"},"state":"ACTIVE","updateTime":"2026-05-18T16:30:36.993918464Z","labels":{"deployment-tool":"cli-firebase","deployment-scheduled":"true","firebase-functions-hash":"6ff1796352370ce508c457e3e88498fef3a37a6d"},"environment":"GEN_2","url":"https://europe-west1-fitness-admin-73a72.cloudfunctions.net/eveningReflection","createTime":"2026-03-30T14:33:38.362934652Z","satisfiesPzi":true},{"name":"projects/fitness-admin-73a72/locations/europe-west1/functions/workoutReminder","buildConfig":{"build":"projects/853802015469/locations/europe-west1/builds/b9670f72-8fce-44c0-a5a0-35d1a2fff443","runtime":"nodejs22","entryPoint":"workoutReminder","source":{"storageSource":{"bucket":"gcf-v2-sources-853802015469-europe-west1","object":"workoutReminder/function-source.zip","generation":"1779121824358924"}},"environmentVariables":{"GOOGLE_NODE_RUN_SCRIPTS":""},"dockerRepository":"projects/fitness-admin-73a72/locations/europe-west1/repositories/gcf-artifacts","sourceProvenance":{"resolvedStorageSource":{"bucket":"gcf-v2-sources-853802015469-europe-west1","object":"workoutReminder/function-source.zip","generation":"1779121824358924"}},"dockerRegistry":"ARTIFACT_REGISTRY","serviceAccount":"projects/fitness-admin-73a72/serviceAccounts/853802015469-compute@developer.gserviceaccount.com","automaticUpdatePolicy":{}},"serviceConfig":{"service":"projects/fitness-admin-73a72/locations/europe-west1/services/workoutreminder","timeoutSeconds":60,"environmentVariables":{"FIREBASE_CONFIG":"{\"projectId\":\"fitness-admin-73a72\",\"storageBucket\":\"fitness-admin-73a72.firebasestorage.app\"}","GCLOUD_PROJECT":"fitness-admin-73a72","EVENTARC_CLOUD_EVENT_SOURCE":"projects/fitness-admin-73a72/locations/europe-west1/services/workoutReminder","FUNCTION_TARGET":"workoutReminder","LOG_EXECUTION_ID":"true","FUNCTION_SIGNATURE_TYPE":"http"},"maxInstanceCount":20,"ingressSettings":"ALLOW_ALL","uri":"https://workoutreminder-jjqotd7req-ew.a.run.app","serviceAccountEmail":"853802015469-compute@developer.gserviceaccount.com","availableMemory":"256Mi","allTrafficOnLatestRevision":true,"revision":"workoutreminder-00005-tac","maxInstanceRequestConcurrency":80,"availableCpu":"1"},"state":"ACTIVE","updateTime":"2026-05-18T16:30:37.676648439Z","labels":{"deployment-tool":"cli-firebase","deployment-scheduled":"true","firebase-functions-hash":"6ff1796352370ce508c457e3e88498fef3a37a6d"},"environment":"GEN_2","url":"https://europe-west1-fitness-admin-73a72.cloudfunctions.net/workoutReminder","createTime":"2026-03-30T14:33:38.530261163Z","satisfiesPzi":true}]}
[debug] [2026-05-25T13:18:01.512Z] Checked if tokens are valid: true, expires at: 1779718662659
[debug] [2026-05-25T13:18:01.512Z] Checked if tokens are valid: true, expires at: 1779718662659
[debug] [2026-05-25T13:18:01.512Z] >>> [apiv2][query] GET https://firestore.googleapis.com/v1/projects/fitness-admin-73a72/databases/(default) [none]
[debug] [2026-05-25T13:18:01.658Z] <<< [apiv2][status] GET https://firestore.googleapis.com/v1/projects/fitness-admin-73a72/databases/(default) 200
[debug] [2026-05-25T13:18:01.658Z] <<< [apiv2][body] GET https://firestore.googleapis.com/v1/projects/fitness-admin-73a72/databases/(default) {"name":"projects/fitness-admin-73a72/databases/(default)","uid":"bd1e8196-29dc-4219-9c41-6a57382f54de","createTime":"2025-05-04T13:41:04.860492Z","updateTime":"2025-05-04T13:41:04.860492Z","locationId":"asia-south1","type":"FIRESTORE_NATIVE","concurrencyMode":"PESSIMISTIC","versionRetentionPeriod":"3600s","earliestVersionTime":"2026-05-25T12:18:01.702047Z","appEngineIntegrationMode":"DISABLED","keyPrefix":"j","pointInTimeRecoveryEnablement":"POINT_IN_TIME_RECOVERY_DISABLED","deleteProtectionState":"DELETE_PROTECTION_DISABLED","databaseEdition":"STANDARD","freeTier":true,"realtimeUpdatesMode":"REALTIME_UPDATES_MODE_ENABLED","etag":"INWQ/KnD1JQDMLGotrvh4ZID"}
[info] i  functions: ensuring required API cloudscheduler.googleapis.com is enabled... 
[info] i  functions: ensuring required API run.googleapis.com is enabled... 
[info] i  functions: ensuring required API eventarc.googleapis.com is enabled... 
[info] i  functions: ensuring required API pubsub.googleapis.com is enabled... 
[info] i  functions: ensuring required API storage.googleapis.com is enabled... 
[info] i  functions: generating the service identity for pubsub.googleapis.com... 
[debug] [2026-05-25T13:18:01.661Z] Checked if tokens are valid: true, expires at: 1779718662659
[debug] [2026-05-25T13:18:01.661Z] Checked if tokens are valid: true, expires at: 1779718662659
[info] i  functions: generating the service identity for eventarc.googleapis.com... 
[debug] [2026-05-25T13:18:01.661Z] Checked if tokens are valid: true, expires at: 1779718662659
[debug] [2026-05-25T13:18:01.661Z] Checked if tokens are valid: true, expires at: 1779718662659
[debug] [2026-05-25T13:18:01.661Z] >>> [apiv2][query] POST https://serviceusage.googleapis.com/v1beta1/projects/853802015469/services/pubsub.googleapis.com:generateServiceIdentity [none]
[debug] [2026-05-25T13:18:01.661Z] >>> [apiv2][(partial)header] POST https://serviceusage.googleapis.com/v1beta1/projects/853802015469/services/pubsub.googleapis.com:generateServiceIdentity  x-goog-user-project=853802015469
[debug] [2026-05-25T13:18:01.661Z] >>> [apiv2][body] POST https://serviceusage.googleapis.com/v1beta1/projects/853802015469/services/pubsub.googleapis.com:generateServiceIdentity {}
[debug] [2026-05-25T13:18:01.663Z] >>> [apiv2][query] POST https://serviceusage.googleapis.com/v1beta1/projects/853802015469/services/eventarc.googleapis.com:generateServiceIdentity [none]
[debug] [2026-05-25T13:18:01.663Z] >>> [apiv2][(partial)header] POST https://serviceusage.googleapis.com/v1beta1/projects/853802015469/services/eventarc.googleapis.com:generateServiceIdentity  x-goog-user-project=853802015469
[debug] [2026-05-25T13:18:01.663Z] >>> [apiv2][body] POST https://serviceusage.googleapis.com/v1beta1/projects/853802015469/services/eventarc.googleapis.com:generateServiceIdentity {}
[debug] [2026-05-25T13:18:03.654Z] <<< [apiv2][status] POST https://serviceusage.googleapis.com/v1beta1/projects/853802015469/services/pubsub.googleapis.com:generateServiceIdentity 200
[debug] [2026-05-25T13:18:03.654Z] <<< [apiv2][body] POST https://serviceusage.googleapis.com/v1beta1/projects/853802015469/services/pubsub.googleapis.com:generateServiceIdentity {"name":"operations/finished.DONE_OPERATION","done":true,"response":{"@type":"type.googleapis.com/google.api.serviceusage.v1beta1.ServiceIdentity","email":"service-853802015469@gcp-sa-pubsub.iam.gserviceaccount.com","uniqueId":"113094189214577737269"}}
[debug] [2026-05-25T13:18:03.655Z] <<< [apiv2][status] POST https://serviceusage.googleapis.com/v1beta1/projects/853802015469/services/eventarc.googleapis.com:generateServiceIdentity 200
[debug] [2026-05-25T13:18:03.655Z] <<< [apiv2][body] POST https://serviceusage.googleapis.com/v1beta1/projects/853802015469/services/eventarc.googleapis.com:generateServiceIdentity {"name":"operations/finished.DONE_OPERATION","done":true,"response":{"@type":"type.googleapis.com/google.api.serviceusage.v1beta1.ServiceIdentity","email":"service-853802015469@gcp-sa-eventarc.iam.gserviceaccount.com","uniqueId":"103789429505214316355"}}
[debug] [2026-05-25T13:18:03.658Z] Checked if tokens are valid: true, expires at: 1779718662659
[debug] [2026-05-25T13:18:03.658Z] Checked if tokens are valid: true, expires at: 1779718662659
[debug] [2026-05-25T13:18:03.658Z] >>> [apiv2][query] GET https://cloudresourcemanager.googleapis.com/v1/projects/fitness-admin-73a72 [none]
[debug] [2026-05-25T13:18:05.085Z] <<< [apiv2][status] GET https://cloudresourcemanager.googleapis.com/v1/projects/fitness-admin-73a72 200
[debug] [2026-05-25T13:18:05.085Z] <<< [apiv2][body] GET https://cloudresourcemanager.googleapis.com/v1/projects/fitness-admin-73a72 {"projectNumber":"853802015469","projectId":"fitness-admin-73a72","lifecycleState":"ACTIVE","name":"Fitness-Admin","labels":{"firebase":"enabled","firebase-core":"disabled"},"createTime":"2025-05-03T13:38:38.150070Z"}
[debug] [2026-05-25T13:18:05.086Z] Checked if tokens are valid: true, expires at: 1779718662659
[debug] [2026-05-25T13:18:05.086Z] Checked if tokens are valid: true, expires at: 1779718662659
[debug] [2026-05-25T13:18:05.086Z] >>> [apiv2][query] GET https://compute.googleapis.com/compute/v1/projects/853802015469 [none]
[debug] [2026-05-25T13:18:05.636Z] <<< [apiv2][status] GET https://compute.googleapis.com/compute/v1/projects/853802015469 200
[debug] [2026-05-25T13:18:05.636Z] <<< [apiv2][body] GET https://compute.googleapis.com/compute/v1/projects/853802015469 {"kind":"compute#project","id":"2113567604259766552","creationTimestamp":"2026-05-10T15:00:23.284-07:00","name":"fitness-admin-73a72","commonInstanceMetadata":{"kind":"compute#metadata","fingerprint":"tk2qsLItP6g="},"quotas":[{"metric":"SNAPSHOTS","limit":1000,"usage":0},{"metric":"NETWORKS","limit":5,"usage":1},{"metric":"FIREWALLS","limit":100,"usage":4},{"metric":"IMAGES","limit":100,"usage":0},{"metric":"STATIC_ADDRESSES","limit":8,"usage":0},{"metric":"ROUTES","limit":200,"usage":0},{"metric":"FORWARDING_RULES","limit":15,"usage":0},{"metric":"TARGET_POOLS","limit":50,"usage":0},{"metric":"HEALTH_CHECKS","limit":75,"usage":0},{"metric":"IN_USE_ADDRESSES","limit":8,"usage":0},{"metric":"TARGET_INSTANCES","limit":50,"usage":0},{"metric":"TARGET_HTTP_PROXIES","limit":10,"usage":0},{"metric":"URL_MAPS","limit":10,"usage":0},{"metric":"BACKEND_SERVICES","limit":50,"usage":0},{"metric":"INSTANCE_TEMPLATES","limit":100,"usage":0},{"metric":"TARGET_VPN_GATEWAYS","limit":5,"usage":0},{"metric":"VPN_TUNNELS","limit":10,"usage":0},{"metric":"BACKEND_BUCKETS","limit":3,"usage":0},{"metric":"ROUTERS","limit":10,"usage":0},{"metric":"TARGET_SSL_PROXIES","limit":10,"usage":0},{"metric":"TARGET_HTTPS_PROXIES","limit":10,"usage":0},{"metric":"SSL_CERTIFICATES","limit":10,"usage":0},{"metric":"SUBNETWORKS","limit":100,"usage":0},{"metric":"TARGET_TCP_PROXIES","limit":10,"usage":0},{"metric":"CPUS_ALL_REGIONS","limit":32,"usage":0},{"metric":"SECURITY_POLICIES","limit":10,"usage":0},{"metric":"SECURITY_POLICY_RULES","limit":100,"usage":0},{"metric":"XPN_SERVICE_PROJECTS","limit":1000,"usage":0},{"metric":"PACKET_MIRRORINGS","limit":20,"usage":0},{"metric":"NETWORK_ENDPOINT_GROUPS","limit":100,"usage":0},{"metric":"INTERCONNECTS","limit":6,"usage":0},{"metric":"SSL_POLICIES","limit":10,"usage":0},{"metric":"GLOBAL_INTERNAL_ADDRESSES","limit":5000,"usage":0},{"metric":"VPN_GATEWAYS","limit":5,"usage":0},{"metric":"MACHINE_IMAGES","limit":100,"usage":0},{"metric":"SECURITY_POLICY_CEVAL_RULES","limit":20,"usage":0},{"metric":"GPUS_ALL_REGIONS","limit":0,"usage":0},{"metric":"EXTERNAL_VPN_GATEWAYS","limit":5,"usage":0},{"metric":"PUBLIC_ADVERTISED_PREFIXES","limit":1,"usage":0},{"metric":"PUBLIC_DELEGATED_PREFIXES","limit":10,"usage":0},{"metric":"STATIC_BYOIP_ADDRESSES","limit":128,"usage":0},{"metric":"NETWORK_FIREWALL_POLICIES","limit":10,"usage":0},{"metric":"INTERNAL_TRAFFIC_DIRECTOR_FORWARDING_RULES","limit":15,"usage":0},{"metric":"GLOBAL_EXTERNAL_MANAGED_FORWARDING_RULES","limit":15,"usage":0},{"metric":"GLOBAL_INTERNAL_MANAGED_BACKEND_SERVICES","limit":50,"usage":0},{"metric":"GLOBAL_EXTERNAL_MANAGED_BACKEND_SERVICES","limit":50,"usage":0},{"metric":"GLOBAL_EXTERNAL_PROXY_LB_BACKEND_SERVICES","limit":50,"usage":0},{"metric":"GLOBAL_INTERNAL_TRAFFIC_DIRECTOR_BACKEND_SERVICES","limit":250,"usage":0}],"selfLink":"https://www.googleapis.com/compute/v1/projects/fitness-admin-73a72","defaultServiceAccount":"853802015469-compute@developer.gserviceaccount.com","xpnProjectStatus":"UNSPECIFIED_XPN_PROJECT_STATUS","defaultNetworkTier":"PREMIUM","vmDnsSetting":"ZONAL_ONLY","cloudArmorTier":"CA_STANDARD"}
[debug] [2026-05-25T13:18:05.637Z] Checked if tokens are valid: true, expires at: 1779718662659
[debug] [2026-05-25T13:18:05.637Z] Checked if tokens are valid: true, expires at: 1779718662659
[debug] [2026-05-25T13:18:05.637Z] >>> [apiv2][query] GET https://cloudbilling.googleapis.com/v1/projects/fitness-admin-73a72/billingInfo [none]
[debug] [2026-05-25T13:18:07.005Z] <<< [apiv2][status] GET https://cloudbilling.googleapis.com/v1/projects/fitness-admin-73a72/billingInfo 200
[debug] [2026-05-25T13:18:07.005Z] <<< [apiv2][body] GET https://cloudbilling.googleapis.com/v1/projects/fitness-admin-73a72/billingInfo {"name":"projects/fitness-admin-73a72/billingInfo","projectId":"fitness-admin-73a72","billingAccountName":"billingAccounts/012DFF-923A06-089759","billingEnabled":true}
[debug] [2026-05-25T13:18:07.007Z] Checked if tokens are valid: true, expires at: 1779718662659
[debug] [2026-05-25T13:18:07.007Z] Checked if tokens are valid: true, expires at: 1779718662659
[debug] [2026-05-25T13:18:07.007Z] >>> [apiv2][query] POST https://cloudfunctions.googleapis.com/v2/projects/fitness-admin-73a72/locations/europe-west1/functions:generateUploadUrl [none]
[debug] [2026-05-25T13:18:08.994Z] <<< [apiv2][status] POST https://cloudfunctions.googleapis.com/v2/projects/fitness-admin-73a72/locations/europe-west1/functions:generateUploadUrl 200
[debug] [2026-05-25T13:18:08.994Z] <<< [apiv2][body] POST https://cloudfunctions.googleapis.com/v2/projects/fitness-admin-73a72/locations/europe-west1/functions:generateUploadUrl {"uploadUrl":"https://storage.googleapis.com/gcf-v2-uploads-853802015469.europe-west1.cloudfunctions.appspot.com/8668c299-38ca-4665-9e0e-b7c439edeb8c.zip?GoogleAccessId=service-853802015469@gcf-admin-robot.iam.gserviceaccount.com&Expires=1779716888&Signature=MPklEk45bHYfgPFj8Ouwbx8WYE4jB5Yp6pHbm%2FhVhC4C6qRCADo9Lh0CaBA4kb8ry%2Fnmj9rVPDcJvqcYf9riFcsw5KYnIfNraK7qICf33immIbFEI946juANlZBPLPgEawBVS0uuHz5eXbOoo6XKOxM6aaQYVWP1TNj2yulmVCZv2QdIsyrGcyxMwiFrJFJj0KRMvPcq8t40GAwsF7xgVoad%2FjPjUpZTBsoZKT5fGnCdzh0bXCWWFOHs6U6PgXOanN%2BoXQB%2BUH2V893vVbn1ac1wH1TOn2eg9%2FuaDBEOdVgY%2BEDbJYhbUh9gvDouVxTZIzWNpzlC56rilzNSrufktA%3D%3D","storageSource":{"bucket":"gcf-v2-uploads-853802015469.europe-west1.cloudfunctions.appspot.com","object":"8668c299-38ca-4665-9e0e-b7c439edeb8c.zip"}}
[debug] [2026-05-25T13:18:08.996Z] >>> [apiv2][query] PUT https://storage.googleapis.com/gcf-v2-uploads-853802015469.europe-west1.cloudfunctions.appspot.com/8668c299-38ca-4665-9e0e-b7c439edeb8c.zip GoogleAccessId=service-853802015469%40gcf-admin-robot.iam.gserviceaccount.com&Expires=1779716888&Signature=MPklEk45bHYfgPFj8Ouwbx8WYE4jB5Yp6pHbm%2FhVhC4C6qRCADo9Lh0CaBA4kb8ry%2Fnmj9rVPDcJvqcYf9riFcsw5KYnIfNraK7qICf33immIbFEI946juANlZBPLPgEawBVS0uuHz5eXbOoo6XKOxM6aaQYVWP1TNj2yulmVCZv2QdIsyrGcyxMwiFrJFJj0KRMvPcq8t40GAwsF7xgVoad%2FjPjUpZTBsoZKT5fGnCdzh0bXCWWFOHs6U6PgXOanN%2BoXQB%2BUH2V893vVbn1ac1wH1TOn2eg9%2FuaDBEOdVgY%2BEDbJYhbUh9gvDouVxTZIzWNpzlC56rilzNSrufktA%3D%3D
[debug] [2026-05-25T13:18:08.996Z] >>> [apiv2][body] PUT https://storage.googleapis.com/gcf-v2-uploads-853802015469.europe-west1.cloudfunctions.appspot.com/8668c299-38ca-4665-9e0e-b7c439edeb8c.zip [stream]
[debug] [2026-05-25T13:18:12.209Z] <<< [apiv2][status] PUT https://storage.googleapis.com/gcf-v2-uploads-853802015469.europe-west1.cloudfunctions.appspot.com/8668c299-38ca-4665-9e0e-b7c439edeb8c.zip 200
[debug] [2026-05-25T13:18:12.209Z] <<< [apiv2][body] PUT https://storage.googleapis.com/gcf-v2-uploads-853802015469.europe-west1.cloudfunctions.appspot.com/8668c299-38ca-4665-9e0e-b7c439edeb8c.zip [omitted]
[info] ✔  functions: functions source uploaded successfully 
[info] i  functions: updating Node.js 22 (2nd Gen) function morningMealReminder(europe-west1)... 
[info] i  functions: updating Node.js 22 (2nd Gen) function workoutReminder(europe-west1)... 
[info] i  functions: updating Node.js 22 (2nd Gen) function eveningReflection(europe-west1)... 
[info] i  functions: updating Node.js 22 (2nd Gen) function weighInReminder(europe-west1)... 
[info] i  functions: updating Node.js 22 (2nd Gen) function inactivityNudge(europe-west1)... 
[info] i  functions: updating Node.js 22 (2nd Gen) function aiWeeklyMotivation(europe-west1)... 
[info] i  functions: updating Node.js 22 (2nd Gen) function onMealPlanCreated(europe-west1)... 
[info] i  functions: updating Node.js 22 (2nd Gen) function testNotification(europe-west1)... 
[info] i  functions: updating Node.js 22 (2nd Gen) function onClientCreated(europe-west1)... 
[debug] [2026-05-25T13:18:12.216Z] Checked if tokens are valid: true, expires at: 1779718662659
[debug] [2026-05-25T13:18:12.216Z] Checked if tokens are valid: true, expires at: 1779718662659
[debug] [2026-05-25T13:18:12.216Z] >>> [apiv2][query] PATCH https://cloudfunctions.googleapis.com/v2/projects/fitness-admin-73a72/locations/europe-west1/functions/morningMealReminder updateMask=name%2CbuildConfig.runtime%2CbuildConfig.entryPoint%2CbuildConfig.source.storageSource.bucket%2CbuildConfig.source.storageSource.object%2CbuildConfig.environmentVariables%2CbuildConfig.sourceToken%2CserviceConfig.environmentVariables%2CserviceConfig.ingressSettings%2CserviceConfig.timeoutSeconds%2CserviceConfig.serviceAccountEmail%2CserviceConfig.availableMemory%2CserviceConfig.minInstanceCount%2CserviceConfig.maxInstanceCount%2CserviceConfig.maxInstanceRequestConcurrency%2CserviceConfig.availableCpu%2CserviceConfig.vpcConnector%2CserviceConfig.vpcConnectorEgressSettings%2CserviceConfig.directVpcNetworkInterface%2CserviceConfig.directVpcEgress%2Clabels
[debug] [2026-05-25T13:18:12.216Z] >>> [apiv2][body] PATCH https://cloudfunctions.googleapis.com/v2/projects/fitness-admin-73a72/locations/europe-west1/functions/morningMealReminder {"name":"projects/fitness-admin-73a72/locations/europe-west1/functions/morningMealReminder","buildConfig":{"runtime":"nodejs22","entryPoint":"morningMealReminder","source":{"storageSource":{"bucket":"gcf-v2-uploads-853802015469.europe-west1.cloudfunctions.appspot.com","object":"8668c299-38ca-4665-9e0e-b7c439edeb8c.zip"}},"environmentVariables":{"GOOGLE_NODE_RUN_SCRIPTS":""}},"serviceConfig":{"environmentVariables":{"FIREBASE_CONFIG":"{\"projectId\":\"fitness-admin-73a72\",\"storageBucket\":\"fitness-admin-73a72.firebasestorage.app\"}","GCLOUD_PROJECT":"fitness-admin-73a72","EVENTARC_CLOUD_EVENT_SOURCE":"projects/fitness-admin-73a72/locations/europe-west1/services/morningMealReminder","FUNCTION_TARGET":"morningMealReminder","LOG_EXECUTION_ID":"true","FUNCTION_SIGNATURE_TYPE":"http"},"ingressSettings":null,"timeoutSeconds":null,"serviceAccountEmail":null,"availableMemory":"256Mi","minInstanceCount":null,"maxInstanceCount":null,"maxInstanceRequestConcurrency":80,"availableCpu":"1","vpcConnector":null,"vpcConnectorEgressSettings":null,"directVpcNetworkInterface":null,"directVpcEgress":null},"labels":{"deployment-tool":"cli-firebase","deployment-scheduled":"true","firebase-functions-hash":"59ebdca2de2f1bf6eedcda9d5c336ba493e6a86a"}}
[debug] [2026-05-25T13:18:14.859Z] <<< [apiv2][status] PATCH https://cloudfunctions.googleapis.com/v2/projects/fitness-admin-73a72/locations/europe-west1/functions/morningMealReminder 200
[debug] [2026-05-25T13:18:14.859Z] <<< [apiv2][body] PATCH https://cloudfunctions.googleapis.com/v2/projects/fitness-admin-73a72/locations/europe-west1/functions/morningMealReminder {"name":"projects/fitness-admin-73a72/locations/europe-west1/operations/operation-1779715093570-652a435f42513-9424aec8-c26e4e22","metadata":{"@type":"type.googleapis.com/google.cloud.functions.v2.OperationMetadata","createTime":"2026-05-25T13:18:14.703673026Z","target":"projects/fitness-admin-73a72/locations/europe-west1/functions/morningMealReminder","verb":"update","cancelRequested":false,"apiVersion":"v2"},"done":false}
[debug] [2026-05-25T13:18:14.860Z] Checked if tokens are valid: true, expires at: 1779718662659
[debug] [2026-05-25T13:18:14.860Z] Checked if tokens are valid: true, expires at: 1779718662659
[debug] [2026-05-25T13:18:14.861Z] >>> [apiv2][query] GET https://cloudfunctions.googleapis.com/v2/projects/fitness-admin-73a72/locations/europe-west1/operations/operation-1779715093570-652a435f42513-9424aec8-c26e4e22 [none]
[debug] [2026-05-25T13:18:16.340Z] <<< [apiv2][status] GET https://cloudfunctions.googleapis.com/v2/projects/fitness-admin-73a72/locations/europe-west1/operations/operation-1779715093570-652a435f42513-9424aec8-c26e4e22 200
[debug] [2026-05-25T13:18:16.341Z] <<< [apiv2][body] GET https://cloudfunctions.googleapis.com/v2/projects/fitness-admin-73a72/locations/europe-west1/operations/operation-1779715093570-652a435f42513-9424aec8-c26e4e22 {"name":"projects/fitness-admin-73a72/locations/europe-west1/operations/operation-1779715093570-652a435f42513-9424aec8-c26e4e22","metadata":{"@type":"type.googleapis.com/google.cloud.functions.v2.OperationMetadata","createTime":"2026-05-25T13:18:14.703673026Z","target":"projects/fitness-admin-73a72/locations/europe-west1/functions/morningMealReminder","verb":"update","cancelRequested":false,"apiVersion":"v2","requestResource":{"@type":"type.googleapis.com/google.cloud.functions.v2.Function","name":"projects/fitness-admin-73a72/locations/europe-west1/functions/morningMealReminder","buildConfig":{"runtime":"nodejs22","entryPoint":"morningMealReminder","source":{"storageSource":{"bucket":"gcf-v2-sources-853802015469-europe-west1","object":"morningMealReminder/function-source.zip","generation":"1779715094655978"}},"environmentVariables":{"GOOGLE_NODE_RUN_SCRIPTS":""},"dockerRepository":"projects/fitness-admin-73a72/locations/europe-west1/repositories/gcf-artifacts","sourceProvenance":{"resolvedStorageSource":{"bucket":"gcf-v2-sources-853802015469-europe-west1","object":"morningMealReminder/function-source.zip","generation":"1779121750938982"}},"dockerRegistry":"ARTIFACT_REGISTRY","serviceAccount":"projects/fitness-admin-73a72/serviceAccounts/853802015469-compute@developer.gserviceaccount.com","automaticUpdatePolicy":{}},"serviceConfig":{"service":"projects/fitness-admin-73a72/locations/europe-west1/services/morningmealreminder","timeoutSeconds":60,"environmentVariables":{"FIREBASE_CONFIG":"{\"projectId\":\"fitness-admin-73a72\",\"storageBucket\":\"fitness-admin-73a72.firebasestorage.app\"}","GCLOUD_PROJECT":"fitness-admin-73a72","EVENTARC_CLOUD_EVENT_SOURCE":"projects/fitness-admin-73a72/locations/europe-west1/services/morningMealReminder","FUNCTION_TARGET":"morningMealReminder","LOG_EXECUTION_ID":"true","FUNCTION_SIGNATURE_TYPE":"http"},"ingressSettings":"ALLOW_ALL","uri":"https://morningmealreminder-jjqotd7req-ew.a.run.app","serviceAccountEmail":"853802015469-compute@developer.gserviceaccount.com","availableMemory":"256Mi","allTrafficOnLatestRevision":true,"revision":"morningmealreminder-00005-goq","maxInstanceRequestConcurrency":80,"availableCpu":"1"},"state":"ACTIVE","labels":{"deployment-tool":"cli-firebase","deployment-scheduled":"true","firebase-functions-hash":"59ebdca2de2f1bf6eedcda9d5c336ba493e6a86a"},"environment":"GEN_2","url":"https://europe-west1-fitness-admin-73a72.cloudfunctions.net/morningMealReminder","satisfiesPzi":true},"stages":[{"name":"BUILD","message":"Build in progress","state":"IN_PROGRESS","resource":"projects/853802015469/locations/europe-west1/builds/a649c436-42f8-4202-9afc-9007cfad5c01","resourceUri":"https://console.cloud.google.com/cloud-build/builds;region=europe-west1/a649c436-42f8-4202-9afc-9007cfad5c01?project=853802015469"},{"name":"SERVICE","state":"NOT_STARTED"}],"operationType":"UPDATE_FUNCTION","buildName":"projects/853802015469/locations/europe-west1/builds/a649c436-42f8-4202-9afc-9007cfad5c01"},"done":false}
[debug] [2026-05-25T13:18:16.842Z] [update-default-europe-west1-morningMealReminder] Retrying task index 0
[debug] [2026-05-25T13:18:16.842Z] Checked if tokens are valid: true, expires at: 1779718662659
[debug] [2026-05-25T13:18:16.842Z] Checked if tokens are valid: true, expires at: 1779718662659
[debug] [2026-05-25T13:18:16.842Z] >>> [apiv2][query] GET https://cloudfunctions.googleapis.com/v2/projects/fitness-admin-73a72/locations/europe-west1/operations/operation-1779715093570-652a435f42513-9424aec8-c26e4e22 [none]
[debug] [2026-05-25T13:18:18.332Z] <<< [apiv2][status] GET https://cloudfunctions.googleapis.com/v2/projects/fitness-admin-73a72/locations/europe-west1/operations/operation-1779715093570-652a435f42513-9424aec8-c26e4e22 200
[debug] [2026-05-25T13:18:18.333Z] <<< [apiv2][body] GET https://cloudfunctions.googleapis.com/v2/projects/fitness-admin-73a72/locations/europe-west1/operations/operation-1779715093570-652a435f42513-9424aec8-c26e4e22 {"name":"projects/fitness-admin-73a72/locations/europe-west1/operations/operation-1779715093570-652a435f42513-9424aec8-c26e4e22","metadata":{"@type":"type.googleapis.com/google.cloud.functions.v2.OperationMetadata","createTime":"2026-05-25T13:18:14.703673026Z","target":"projects/fitness-admin-73a72/locations/europe-west1/functions/morningMealReminder","verb":"update","cancelRequested":false,"apiVersion":"v2","requestResource":{"@type":"type.googleapis.com/google.cloud.functions.v2.Function","name":"projects/fitness-admin-73a72/locations/europe-west1/functions/morningMealReminder","buildConfig":{"runtime":"nodejs22","entryPoint":"morningMealReminder","source":{"storageSource":{"bucket":"gcf-v2-sources-853802015469-europe-west1","object":"morningMealReminder/function-source.zip","generation":"1779715094655978"}},"environmentVariables":{"GOOGLE_NODE_RUN_SCRIPTS":""},"dockerRepository":"projects/fitness-admin-73a72/locations/europe-west1/repositories/gcf-artifacts","sourceProvenance":{"resolvedStorageSource":{"bucket":"gcf-v2-sources-853802015469-europe-west1","object":"morningMealReminder/function-source.zip","generation":"1779121750938982"}},"dockerRegistry":"ARTIFACT_REGISTRY","serviceAccount":"projects/fitness-admin-73a72/serviceAccounts/853802015469-compute@developer.gserviceaccount.com","automaticUpdatePolicy":{}},"serviceConfig":{"service":"projects/fitness-admin-73a72/locations/europe-west1/services/morningmealreminder","timeoutSeconds":60,"environmentVariables":{"FIREBASE_CONFIG":"{\"projectId\":\"fitness-admin-73a72\",\"storageBucket\":\"fitness-admin-73a72.firebasestorage.app\"}","GCLOUD_PROJECT":"fitness-admin-73a72","EVENTARC_CLOUD_EVENT_SOURCE":"projects/fitness-admin-73a72/locations/europe-west1/services/morningMealReminder","FUNCTION_TARGET":"morningMealReminder","LOG_EXECUTION_ID":"true","FUNCTION_SIGNATURE_TYPE":"http"},"ingressSettings":"ALLOW_ALL","uri":"https://morningmealreminder-jjqotd7req-ew.a.run.app","serviceAccountEmail":"853802015469-compute@developer.gserviceaccount.com","availableMemory":"256Mi","allTrafficOnLatestRevision":true,"revision":"morningmealreminder-00005-goq","maxInstanceRequestConcurrency":80,"availableCpu":"1"},"state":"ACTIVE","labels":{"deployment-tool":"cli-firebase","deployment-scheduled":"true","firebase-functions-hash":"59ebdca2de2f1bf6eedcda9d5c336ba493e6a86a"},"environment":"GEN_2","url":"https://europe-west1-fitness-admin-73a72.cloudfunctions.net/morningMealReminder","satisfiesPzi":true},"stages":[{"name":"BUILD","message":"Build in progress","state":"IN_PROGRESS","resource":"projects/853802015469/locations/europe-west1/builds/a649c436-42f8-4202-9afc-9007cfad5c01","resourceUri":"https://console.cloud.google.com/cloud-build/builds;region=europe-west1/a649c436-42f8-4202-9afc-9007cfad5c01?project=853802015469"},{"name":"SERVICE","state":"NOT_STARTED"}],"operationType":"UPDATE_FUNCTION","buildName":"projects/853802015469/locations/europe-west1/builds/a649c436-42f8-4202-9afc-9007cfad5c01"},"done":false}
[debug] [2026-05-25T13:18:19.333Z] [update-default-europe-west1-morningMealReminder] Retrying task index 0
[debug] [2026-05-25T13:18:19.334Z] Checked if tokens are valid: true, expires at: 1779718662659
[debug] [2026-05-25T13:18:19.334Z] Checked if tokens are valid: true, expires at: 1779718662659
[debug] [2026-05-25T13:18:19.335Z] >>> [apiv2][query] GET https://cloudfunctions.googleapis.com/v2/projects/fitness-admin-73a72/locations/europe-west1/operations/operation-1779715093570-652a435f42513-9424aec8-c26e4e22 [none]
[debug] [2026-05-25T13:18:20.875Z] <<< [apiv2][status] GET https://cloudfunctions.googleapis.com/v2/projects/fitness-admin-73a72/locations/europe-west1/operations/operation-1779715093570-652a435f42513-9424aec8-c26e4e22 200
[debug] [2026-05-25T13:18:20.875Z] <<< [apiv2][body] GET https://cloudfunctions.googleapis.com/v2/projects/fitness-admin-73a72/locations/europe-west1/operations/operation-1779715093570-652a435f42513-9424aec8-c26e4e22 {"name":"projects/fitness-admin-73a72/locations/europe-west1/operations/operation-1779715093570-652a435f42513-9424aec8-c26e4e22","metadata":{"@type":"type.googleapis.com/google.cloud.functions.v2.OperationMetadata","createTime":"2026-05-25T13:18:14.703673026Z","target":"projects/fitness-admin-73a72/locations/europe-west1/functions/morningMealReminder","verb":"update","cancelRequested":false,"apiVersion":"v2","requestResource":{"@type":"type.googleapis.com/google.cloud.functions.v2.Function","name":"projects/fitness-admin-73a72/locations/europe-west1/functions/morningMealReminder","buildConfig":{"runtime":"nodejs22","entryPoint":"morningMealReminder","source":{"storageSource":{"bucket":"gcf-v2-sources-853802015469-europe-west1","object":"morningMealReminder/function-source.zip","generation":"1779715094655978"}},"environmentVariables":{"GOOGLE_NODE_RUN_SCRIPTS":""},"dockerRepository":"projects/fitness-admin-73a72/locations/europe-west1/repositories/gcf-artifacts","sourceProvenance":{"resolvedStorageSource":{"bucket":"gcf-v2-sources-853802015469-europe-west1","object":"morningMealReminder/function-source.zip","generation":"1779121750938982"}},"dockerRegistry":"ARTIFACT_REGISTRY","serviceAccount":"projects/fitness-admin-73a72/serviceAccounts/853802015469-compute@developer.gserviceaccount.com","automaticUpdatePolicy":{}},"serviceConfig":{"service":"projects/fitness-admin-73a72/locations/europe-west1/services/morningmealreminder","timeoutSeconds":60,"environmentVariables":{"FIREBASE_CONFIG":"{\"projectId\":\"fitness-admin-73a72\",\"storageBucket\":\"fitness-admin-73a72.firebasestorage.app\"}","GCLOUD_PROJECT":"fitness-admin-73a72","EVENTARC_CLOUD_EVENT_SOURCE":"projects/fitness-admin-73a72/locations/europe-west1/services/morningMealReminder","FUNCTION_TARGET":"morningMealReminder","LOG_EXECUTION_ID":"true","FUNCTION_SIGNATURE_TYPE":"http"},"ingressSettings":"ALLOW_ALL","uri":"https://morningmealreminder-jjqotd7req-ew.a.run.app","serviceAccountEmail":"853802015469-compute@developer.gserviceaccount.com","availableMemory":"256Mi","allTrafficOnLatestRevision":true,"revision":"morningmealreminder-00005-goq","maxInstanceRequestConcurrency":80,"availableCpu":"1"},"state":"ACTIVE","labels":{"deployment-tool":"cli-firebase","deployment-scheduled":"true","firebase-functions-hash":"59ebdca2de2f1bf6eedcda9d5c336ba493e6a86a"},"environment":"GEN_2","url":"https://europe-west1-fitness-admin-73a72.cloudfunctions.net/morningMealReminder","satisfiesPzi":true},"stages":[{"name":"BUILD","message":"Build in progress","state":"IN_PROGRESS","resource":"projects/853802015469/locations/europe-west1/builds/a649c436-42f8-4202-9afc-9007cfad5c01","resourceUri":"https://console.cloud.google.com/cloud-build/builds;region=europe-west1/a649c436-42f8-4202-9afc-9007cfad5c01?project=853802015469"},{"name":"SERVICE","state":"NOT_STARTED"}],"operationType":"UPDATE_FUNCTION","buildName":"projects/853802015469/locations/europe-west1/builds/a649c436-42f8-4202-9afc-9007cfad5c01"},"done":false}
[debug] [2026-05-25T13:18:22.874Z] [update-default-europe-west1-morningMealReminder] Retrying task index 0
[debug] [2026-05-25T13:18:22.875Z] Checked if tokens are valid: true, expires at: 1779718662659
[debug] [2026-05-25T13:18:22.875Z] Checked if tokens are valid: true, expires at: 1779718662659
[debug] [2026-05-25T13:18:22.875Z] >>> [apiv2][query] GET https://cloudfunctions.googleapis.com/v2/projects/fitness-admin-73a72/locations/europe-west1/operations/operation-1779715093570-652a435f42513-9424aec8-c26e4e22 [none]
[debug] [2026-05-25T13:18:24.342Z] <<< [apiv2][status] GET https://cloudfunctions.googleapis.com/v2/projects/fitness-admin-73a72/locations/europe-west1/operations/operation-1779715093570-652a435f42513-9424aec8-c26e4e22 200
[debug] [2026-05-25T13:18:24.342Z] <<< [apiv2][body] GET https://cloudfunctions.googleapis.com/v2/projects/fitness-admin-73a72/locations/europe-west1/operations/operation-1779715093570-652a435f42513-9424aec8-c26e4e22 {"name":"projects/fitness-admin-73a72/locations/europe-west1/operations/operation-1779715093570-652a435f42513-9424aec8-c26e4e22","metadata":{"@type":"type.googleapis.com/google.cloud.functions.v2.OperationMetadata","createTime":"2026-05-25T13:18:14.703673026Z","target":"projects/fitness-admin-73a72/locations/europe-west1/functions/morningMealReminder","verb":"update","cancelRequested":false,"apiVersion":"v2","requestResource":{"@type":"type.googleapis.com/google.cloud.functions.v2.Function","name":"projects/fitness-admin-73a72/locations/europe-west1/functions/morningMealReminder","buildConfig":{"runtime":"nodejs22","entryPoint":"morningMealReminder","source":{"storageSource":{"bucket":"gcf-v2-sources-853802015469-europe-west1","object":"morningMealReminder/function-source.zip","generation":"1779715094655978"}},"environmentVariables":{"GOOGLE_NODE_RUN_SCRIPTS":""},"dockerRepository":"projects/fitness-admin-73a72/locations/europe-west1/repositories/gcf-artifacts","sourceProvenance":{"resolvedStorageSource":{"bucket":"gcf-v2-sources-853802015469-europe-west1","object":"morningMealReminder/function-source.zip","generation":"1779121750938982"}},"dockerRegistry":"ARTIFACT_REGISTRY","serviceAccount":"projects/fitness-admin-73a72/serviceAccounts/853802015469-compute@developer.gserviceaccount.com","automaticUpdatePolicy":{}},"serviceConfig":{"service":"projects/fitness-admin-73a72/locations/europe-west1/services/morningmealreminder","timeoutSeconds":60,"environmentVariables":{"FIREBASE_CONFIG":"{\"projectId\":\"fitness-admin-73a72\",\"storageBucket\":\"fitness-admin-73a72.firebasestorage.app\"}","GCLOUD_PROJECT":"fitness-admin-73a72","EVENTARC_CLOUD_EVENT_SOURCE":"projects/fitness-admin-73a72/locations/europe-west1/services/morningMealReminder","FUNCTION_TARGET":"morningMealReminder","LOG_EXECUTION_ID":"true","FUNCTION_SIGNATURE_TYPE":"http"},"ingressSettings":"ALLOW_ALL","uri":"https://morningmealreminder-jjqotd7req-ew.a.run.app","serviceAccountEmail":"853802015469-compute@developer.gserviceaccount.com","availableMemory":"256Mi","allTrafficOnLatestRevision":true,"revision":"morningmealreminder-00005-goq","maxInstanceRequestConcurrency":80,"availableCpu":"1"},"state":"ACTIVE","labels":{"deployment-tool":"cli-firebase","deployment-scheduled":"true","firebase-functions-hash":"59ebdca2de2f1bf6eedcda9d5c336ba493e6a86a"},"environment":"GEN_2","url":"https://europe-west1-fitness-admin-73a72.cloudfunctions.net/morningMealReminder","satisfiesPzi":true},"stages":[{"name":"BUILD","message":"Build in progress","state":"IN_PROGRESS","resource":"projects/853802015469/locations/europe-west1/builds/a649c436-42f8-4202-9afc-9007cfad5c01","resourceUri":"https://console.cloud.google.com/cloud-build/builds;region=europe-west1/a649c436-42f8-4202-9afc-9007cfad5c01?project=853802015469"},{"name":"SERVICE","state":"NOT_STARTED"}],"operationType":"UPDATE_FUNCTION","buildName":"projects/853802015469/locations/europe-west1/builds/a649c436-42f8-4202-9afc-9007cfad5c01"},"done":false}
[debug] [2026-05-25T13:18:28.340Z] [update-default-europe-west1-morningMealReminder] Retrying task index 0
[debug] [2026-05-25T13:18:28.340Z] Checked if tokens are valid: true, expires at: 1779718662659
[debug] [2026-05-25T13:18:28.341Z] Checked if tokens are valid: true, expires at: 1779718662659
[debug] [2026-05-25T13:18:28.341Z] >>> [apiv2][query] GET https://cloudfunctions.googleapis.com/v2/projects/fitness-admin-73a72/locations/europe-west1/operations/operation-1779715093570-652a435f42513-9424aec8-c26e4e22 [none]
[debug] [2026-05-25T13:18:29.852Z] <<< [apiv2][status] GET https://cloudfunctions.googleapis.com/v2/projects/fitness-admin-73a72/locations/europe-west1/operations/operation-1779715093570-652a435f42513-9424aec8-c26e4e22 200
[debug] [2026-05-25T13:18:29.852Z] <<< [apiv2][body] GET https://cloudfunctions.googleapis.com/v2/projects/fitness-admin-73a72/locations/europe-west1/operations/operation-1779715093570-652a435f42513-9424aec8-c26e4e22 {"name":"projects/fitness-admin-73a72/locations/europe-west1/operations/operation-1779715093570-652a435f42513-9424aec8-c26e4e22","metadata":{"@type":"type.googleapis.com/google.cloud.functions.v2.OperationMetadata","createTime":"2026-05-25T13:18:14.703673026Z","target":"projects/fitness-admin-73a72/locations/europe-west1/functions/morningMealReminder","verb":"update","cancelRequested":false,"apiVersion":"v2","requestResource":{"@type":"type.googleapis.com/google.cloud.functions.v2.Function","name":"projects/fitness-admin-73a72/locations/europe-west1/functions/morningMealReminder","buildConfig":{"runtime":"nodejs22","entryPoint":"morningMealReminder","source":{"storageSource":{"bucket":"gcf-v2-sources-853802015469-europe-west1","object":"morningMealReminder/function-source.zip","generation":"1779715094655978"}},"environmentVariables":{"GOOGLE_NODE_RUN_SCRIPTS":""},"dockerRepository":"projects/fitness-admin-73a72/locations/europe-west1/repositories/gcf-artifacts","sourceProvenance":{"resolvedStorageSource":{"bucket":"gcf-v2-sources-853802015469-europe-west1","object":"morningMealReminder/function-source.zip","generation":"1779121750938982"}},"dockerRegistry":"ARTIFACT_REGISTRY","serviceAccount":"projects/fitness-admin-73a72/serviceAccounts/853802015469-compute@developer.gserviceaccount.com","automaticUpdatePolicy":{}},"serviceConfig":{"service":"projects/fitness-admin-73a72/locations/europe-west1/services/morningmealreminder","timeoutSeconds":60,"environmentVariables":{"FIREBASE_CONFIG":"{\"projectId\":\"fitness-admin-73a72\",\"storageBucket\":\"fitness-admin-73a72.firebasestorage.app\"}","GCLOUD_PROJECT":"fitness-admin-73a72","EVENTARC_CLOUD_EVENT_SOURCE":"projects/fitness-admin-73a72/locations/europe-west1/services/morningMealReminder","FUNCTION_TARGET":"morningMealReminder","LOG_EXECUTION_ID":"true","FUNCTION_SIGNATURE_TYPE":"http"},"ingressSettings":"ALLOW_ALL","uri":"https://morningmealreminder-jjqotd7req-ew.a.run.app","serviceAccountEmail":"853802015469-compute@developer.gserviceaccount.com","availableMemory":"256Mi","allTrafficOnLatestRevision":true,"revision":"morningmealreminder-00005-goq","maxInstanceRequestConcurrency":80,"availableCpu":"1"},"state":"ACTIVE","labels":{"deployment-tool":"cli-firebase","deployment-scheduled":"true","firebase-functions-hash":"59ebdca2de2f1bf6eedcda9d5c336ba493e6a86a"},"environment":"GEN_2","url":"https://europe-west1-fitness-admin-73a72.cloudfunctions.net/morningMealReminder","satisfiesPzi":true},"stages":[{"name":"BUILD","message":"Build in progress","state":"IN_PROGRESS","resource":"projects/853802015469/locations/europe-west1/builds/a649c436-42f8-4202-9afc-9007cfad5c01","resourceUri":"https://console.cloud.google.com/cloud-build/builds;region=europe-west1/a649c436-42f8-4202-9afc-9007cfad5c01?project=853802015469"},{"name":"SERVICE","state":"NOT_STARTED"}],"operationType":"UPDATE_FUNCTION","buildName":"projects/853802015469/locations/europe-west1/builds/a649c436-42f8-4202-9afc-9007cfad5c01"},"done":false}
[debug] [2026-05-25T13:18:37.848Z] [update-default-europe-west1-morningMealReminder] Retrying task index 0
[debug] [2026-05-25T13:18:37.849Z] Checked if tokens are valid: true, expires at: 1779718662659
[debug] [2026-05-25T13:18:37.853Z] Checked if tokens are valid: true, expires at: 1779718662659
[debug] [2026-05-25T13:18:37.853Z] >>> [apiv2][query] GET https://cloudfunctions.googleapis.com/v2/projects/fitness-admin-73a72/locations/europe-west1/operations/operation-1779715093570-652a435f42513-9424aec8-c26e4e22 [none]
[debug] [2026-05-25T13:18:39.351Z] <<< [apiv2][status] GET https://cloudfunctions.googleapis.com/v2/projects/fitness-admin-73a72/locations/europe-west1/operations/operation-1779715093570-652a435f42513-9424aec8-c26e4e22 200
[debug] [2026-05-25T13:18:39.352Z] <<< [apiv2][body] GET https://cloudfunctions.googleapis.com/v2/projects/fitness-admin-73a72/locations/europe-west1/operations/operation-1779715093570-652a435f42513-9424aec8-c26e4e22 {"name":"projects/fitness-admin-73a72/locations/europe-west1/operations/operation-1779715093570-652a435f42513-9424aec8-c26e4e22","metadata":{"@type":"type.googleapis.com/google.cloud.functions.v2.OperationMetadata","createTime":"2026-05-25T13:18:14.703673026Z","target":"projects/fitness-admin-73a72/locations/europe-west1/functions/morningMealReminder","verb":"update","cancelRequested":false,"apiVersion":"v2","requestResource":{"@type":"type.googleapis.com/google.cloud.functions.v2.Function","name":"projects/fitness-admin-73a72/locations/europe-west1/functions/morningMealReminder","buildConfig":{"runtime":"nodejs22","entryPoint":"morningMealReminder","source":{"storageSource":{"bucket":"gcf-v2-sources-853802015469-europe-west1","object":"morningMealReminder/function-source.zip","generation":"1779715094655978"}},"environmentVariables":{"GOOGLE_NODE_RUN_SCRIPTS":""},"dockerRepository":"projects/fitness-admin-73a72/locations/europe-west1/repositories/gcf-artifacts","sourceProvenance":{"resolvedStorageSource":{"bucket":"gcf-v2-sources-853802015469-europe-west1","object":"morningMealReminder/function-source.zip","generation":"1779121750938982"}},"dockerRegistry":"ARTIFACT_REGISTRY","serviceAccount":"projects/fitness-admin-73a72/serviceAccounts/853802015469-compute@developer.gserviceaccount.com","automaticUpdatePolicy":{}},"serviceConfig":{"service":"projects/fitness-admin-73a72/locations/europe-west1/services/morningmealreminder","timeoutSeconds":60,"environmentVariables":{"FIREBASE_CONFIG":"{\"projectId\":\"fitness-admin-73a72\",\"storageBucket\":\"fitness-admin-73a72.firebasestorage.app\"}","GCLOUD_PROJECT":"fitness-admin-73a72","EVENTARC_CLOUD_EVENT_SOURCE":"projects/fitness-admin-73a72/locations/europe-west1/services/morningMealReminder","FUNCTION_TARGET":"morningMealReminder","LOG_EXECUTION_ID":"true","FUNCTION_SIGNATURE_TYPE":"http"},"ingressSettings":"ALLOW_ALL","uri":"https://morningmealreminder-jjqotd7req-ew.a.run.app","serviceAccountEmail":"853802015469-compute@developer.gserviceaccount.com","availableMemory":"256Mi","allTrafficOnLatestRevision":true,"revision":"morningmealreminder-00005-goq","maxInstanceRequestConcurrency":80,"availableCpu":"1"},"state":"ACTIVE","labels":{"deployment-tool":"cli-firebase","deployment-scheduled":"true","firebase-functions-hash":"59ebdca2de2f1bf6eedcda9d5c336ba493e6a86a"},"environment":"GEN_2","url":"https://europe-west1-fitness-admin-73a72.cloudfunctions.net/morningMealReminder","satisfiesPzi":true},"stages":[{"name":"BUILD","message":"Build in progress","state":"IN_PROGRESS","resource":"projects/853802015469/locations/europe-west1/builds/a649c436-42f8-4202-9afc-9007cfad5c01","resourceUri":"https://console.cloud.google.com/cloud-build/builds;region=europe-west1/a649c436-42f8-4202-9afc-9007cfad5c01?project=853802015469"},{"name":"SERVICE","state":"NOT_STARTED"}],"operationType":"UPDATE_FUNCTION","buildName":"projects/853802015469/locations/europe-west1/builds/a649c436-42f8-4202-9afc-9007cfad5c01"},"done":false}
